Dataset: synthetic Fura-2 (Grynkiewicz 1985), 2×2 q=2.
I_a = [[2, 3], [2, 0]]
I_b = [[1, 0], [1, 3]]
R = [[2, 0], [2, 0]]  (divzero pixels masked to 0)
Classical reference: fraction of pixels with R > 1 = 0.5000 (2 / 4)

Running QAE with shots=128 per k, max_k=1
  (AerSimulator(method='mps'); each k may take minutes)
  k=0: building circuit and sampling...
C:\Users\giuseppe.maulucci\.conda\envs\qimp\Lib\site-packages\qiskit\compiler\transpiler.py:276: UserWarning: Providing `coupling_map` and/or `basis_gates` along with `backend` is not recommended, as this will invalidate the backend's gate durations and error rates.
  pm = generate_preset_pass_manager(
    P(good=1 | k=0) = 0.5078   (expected sin²((2k+1)·θ) where θ = arcsin(√0.500) = 0.785)
  k=1: building circuit and sampling...
C:\Users\giuseppe.maulucci\.conda\envs\qimp\Lib\site-packages\qiskit\compiler\transpiler.py:276: UserWarning: Providing `coupling_map` and/or `basis_gates` along with `backend` is not recommended, as this will invalidate the backend's gate durations and error rates.
  pm = generate_preset_pass_manager(
    P(good=1 | k=1) = 0.4766   (expected sin²((2k+1)·θ) where θ = arcsin(√0.500) = 0.785)

Maximum-likelihood QAE estimate: â = 0.5079
Classical truth:                  a = 0.5000
Absolute error:                   |â - a| = 0.0079
Total queries to A: 256
For reference, classical MC with 256 samples would have stderr ~ 0.0312
