
=== QAE rogfp2 n=3 (8x8) ============================
  classical a_true = 0.2812 (18 / 64 good pixels, threshold R>0); quotient values [0, 2, 3]
  shots per Grover power: 512, max_k = 1
  k=0: building circuit + MPS sampling...
    P(good=1 | k=0) = 0.2930  (theory sin^2((2k+1)*theta), theta=0.559)  (1.3 s)
  k=1: building circuit + MPS sampling...
    P(good=1 | k=1) = 0.9805  (theory sin^2((2k+1)*theta), theta=0.559)  (7.7 s)
  MLQAE a_hat = 0.2914  vs truth a = 0.2812  (|err| = 0.01013)
  Classical MC stderr at 1024 queries: 0.01405
  Empirical advantage: 1.39x
  (checkpointed /mnt/c/Users/Giuseppe/OneDrive - Università Cattolica del Sacro Cuore/Metabolic Intelligence - Projects-MI/2024_QIMP/repo/paper/data_autonomous/qae_extension_rogfp2.json)

=== QAE rogfp2 n=4 (16x16) ============================
  classical a_true = 0.3281 (84 / 256 good pixels, threshold R>0); quotient values [0, 1, 2, 3]
  shots per Grover power: 512, max_k = 1
  k=0: building circuit + MPS sampling...
    P(good=1 | k=0) = 0.3887  (theory sin^2((2k+1)*theta), theta=0.610)  (23.9 s)
  k=1: building circuit + MPS sampling...
    P(good=1 | k=1) = 0.9707  (theory sin^2((2k+1)*theta), theta=0.610)  (363.7 s)
  MLQAE a_hat = 0.3101  vs truth a = 0.3281  (|err| = 0.01801)
  Classical MC stderr at 1024 queries: 0.01467
  Empirical advantage: 0.81x
  (checkpointed /mnt/c/Users/Giuseppe/OneDrive - Università Cattolica del Sacro Cuore/Metabolic Intelligence - Projects-MI/2024_QIMP/repo/paper/data_autonomous/qae_extension_rogfp2.json)

=== QAE rogfp2 n=5 (32x32) ============================
  classical a_true = 0.3691 (378 / 1024 good pixels, threshold R>0); quotient values [0, 1, 2, 3]
  shots per Grover power: 512, max_k = 1
  k=0: building circuit + MPS sampling...
    P(good=1 | k=0) = 0.3262  (theory sin^2((2k+1)*theta), theta=0.653)  (332.0 s)
  k=1: building circuit + MPS sampling...
    P(good=1 | k=1) = 0.8672  (theory sin^2((2k+1)*theta), theta=0.653)  (8835.2 s)
  MLQAE a_hat = 0.3605  vs truth a = 0.3691  (|err| = 0.008636)
  Classical MC stderr at 1024 queries: 0.01508
  Empirical advantage: 1.75x
  (checkpointed /mnt/c/Users/Giuseppe/OneDrive - Università Cattolica del Sacro Cuore/Metabolic Intelligence - Projects-MI/2024_QIMP/repo/paper/data_autonomous/qae_extension_rogfp2.json)

Final write: /mnt/c/Users/Giuseppe/OneDrive - Università Cattolica del Sacro Cuore/Metabolic Intelligence - Projects-MI/2024_QIMP/repo/paper/data_autonomous/qae_extension_rogfp2.json
